// Jest Snapshot v1, https://jestjs.io/docs/snapshot-testing

exports[`Home Page matches snapshot 1`] = `
<DocumentFragment>
  <div>
    <header
      style="padding: 16px; background: rgb(240, 240, 240);"
    >
      <h2>
        My Demo Website
      </h2>
      <nav>
        <a
          href="#"
          style="margin-right: 12px;"
        >
          Home
        </a>
        <a
          href="#"
          style="margin-right: 12px;"
        >
          About
        </a>
        <a
          href="#"
        >
          Contact
        </a>
      </nav>
    </header>
    <section
      style="padding: 24px; text-align: center;"
    >
      <h1>
        Welcome to the Demo App
      </h1>
      <p>
        Your playground for React testing, CI/CD, and components.
      </p>
    </section>
    <section
      style="padding: 24px;"
    >
      <h2>
        Features
      </h2>
      <ul>
        <li>
          ✔ Reusable Components
        </li>
        <li>
          ✔ Unit Tests with Jest
        </li>
        <li>
          ✔ ESLint + Prettier Integration
        </li>
      </ul>
    </section>
    <section
      style="padding: 24px;"
    >
      <h2>
        Try the Counter
      </h2>
      <div>
        <h1
          data-testid="count-value"
        >
          Count: 5
        </h1>
        <button>
          Increment
        </button>
      </div>
    </section>
    <footer
      style="padding: 12px; margin-top: 32px; background: rgb(250, 250, 250);"
    >
      <p>
        © 2025 My Demo Website
      </p>
    </footer>
  </div>
</DocumentFragment>
`;
